[0.220s] DEBUG:colcon:Command line arguments: ['/usr/bin/colcon', 'build']
[0.220s] DEBUG:colcon:Parsed command line arguments: Namespace(log_base=None, log_level=None, verb_name='build', build_base='build', install_base='install', merge_install=False, symlink_install=False, test_result_base=None, continue_on_error=False, executor='parallel', parallel_workers=8, event_handlers=None, ignore_user_meta=False, metas=['./colcon.meta'], base_paths=['.'], packages_ignore=None, packages_ignore_regex=None, paths=None, packages_up_to=None, packages_up_to_regex=None, packages_above=None, packages_above_and_dependencies=None, packages_above_depth=None, packages_select_by_dep=None, packages_skip_by_dep=None, packages_skip_up_to=None, packages_select_build_failed=False, packages_skip_build_finished=False, packages_select_test_failures=False, packages_skip_test_passed=False, packages_select=None, packages_skip=None, packages_select_regex=None, packages_skip_regex=None, packages_start=None, packages_end=None, allow_overriding=[], cmake_args=None, cmake_target=None, cmake_target_skip_unavailable=False, cmake_clean_cache=False, cmake_clean_first=False, cmake_force_configure=False, ament_cmake_args=None, catkin_cmake_args=None, catkin_skip_building_tests=False, mixin_files=None, mixin=None, verb_parser=<colcon_mixin.mixin.mixin_argument.MixinArgumentDecorator object at 0x7407faf3ef80>, verb_extension=<colcon_core.verb.build.BuildVerb object at 0x7407faf3e8f0>, main=<bound method BuildVerb.main of <colcon_core.verb.build.BuildVerb object at 0x7407faf3e8f0>>, mixin_verb=('build',))
[0.629s] Level 1:colcon.colcon_core.package_discovery:discover_packages(colcon_meta) check parameters
[0.629s] Level 1:colcon.colcon_core.package_discovery:discover_packages(recursive) check parameters
[0.629s] Level 1:colcon.colcon_core.package_discovery:discover_packages(ignore) check parameters
[0.629s] Level 1:colcon.colcon_core.package_discovery:discover_packages(path) check parameters
[0.629s] Level 1:colcon.colcon_core.package_discovery:discover_packages(colcon_meta) discover
[0.629s] Level 1:colcon.colcon_core.package_discovery:discover_packages(recursive) discover
[0.630s] INFO:colcon.colcon_core.package_discovery:Crawling recursively for packages in '/home/henrique/ws_visao/stereo-cam'
[0.630s] Level 1:colcon.colcon_core.package_identification:_identify(.) by extensions ['ignore', 'ignore_ament_install']
[0.630s] Level 1:colcon.colcon_core.package_identification:_identify(.) by extension 'ignore'
[0.630s] Level 1:colcon.colcon_core.package_identification:_identify(.) by extension 'ignore_ament_install'
[0.630s] Level 1:colcon.colcon_core.package_identification:_identify(.) by extensions ['colcon_pkg']
[0.630s] Level 1:colcon.colcon_core.package_identification:_identify(.) by extension 'colcon_pkg'
[0.630s] Level 1:colcon.colcon_core.package_identification:_identify(.) by extensions ['colcon_meta']
[0.630s] Level 1:colcon.colcon_core.package_identification:_identify(.) by extension 'colcon_meta'
[0.630s] Level 1:colcon.colcon_core.package_identification:_identify(.) by extensions ['ros']
[0.631s] Level 1:colcon.colcon_core.package_identification:_identify(.) by extension 'ros'
[0.653s] Level 1:colcon.colcon_core.package_identification:_identify(.) by extensions ['cmake', 'python']
[0.654s] Level 1:colcon.colcon_core.package_identification:_identify(.) by extension 'cmake'
[0.654s] Level 1:colcon.colcon_core.package_identification:_identify(.) by extension 'python'
[0.654s] Level 1:colcon.colcon_core.package_identification:_identify(.) by extensions ['python_setup_py']
[0.654s] Level 1:colcon.colcon_core.package_identification:_identify(.) by extension 'python_setup_py'
[0.654s] Level 1:colcon.colcon_core.package_identification:_identify(build) by extensions ['ignore', 'ignore_ament_install']
[0.654s] Level 1:colcon.colcon_core.package_identification:_identify(build) by extension 'ignore'
[0.654s] Level 1:colcon.colcon_core.package_identification:_identify(build) ignored
[0.655s] Level 1:colcon.colcon_core.package_identification:_identify(install) by extensions ['ignore', 'ignore_ament_install']
[0.655s] Level 1:colcon.colcon_core.package_identification:_identify(install) by extension 'ignore'
[0.655s] Level 1:colcon.colcon_core.package_identification:_identify(install) ignored
[0.655s] Level 1:colcon.colcon_core.package_identification:_identify(log) by extensions ['ignore', 'ignore_ament_install']
[0.655s] Level 1:colcon.colcon_core.package_identification:_identify(log) by extension 'ignore'
[0.655s] Level 1:colcon.colcon_core.package_identification:_identify(log) ignored
[0.656s] Level 1:colcon.colcon_core.package_identification:_identify(src) by extensions ['ignore', 'ignore_ament_install']
[0.656s] Level 1:colcon.colcon_core.package_identification:_identify(src) by extension 'ignore'
[0.656s] Level 1:colcon.colcon_core.package_identification:_identify(src) by extension 'ignore_ament_install'
[0.656s] Level 1:colcon.colcon_core.package_identification:_identify(src) by extensions ['colcon_pkg']
[0.656s] Level 1:colcon.colcon_core.package_identification:_identify(src) by extension 'colcon_pkg'
[0.656s] Level 1:colcon.colcon_core.package_identification:_identify(src) by extensions ['colcon_meta']
[0.656s] Level 1:colcon.colcon_core.package_identification:_identify(src) by extension 'colcon_meta'
[0.656s] Level 1:colcon.colcon_core.package_identification:_identify(src) by extensions ['ros']
[0.656s] Level 1:colcon.colcon_core.package_identification:_identify(src) by extension 'ros'
[0.657s] Level 1:colcon.colcon_core.package_identification:_identify(src) by extensions ['cmake', 'python']
[0.657s] Level 1:colcon.colcon_core.package_identification:_identify(src) by extension 'cmake'
[0.657s] Level 1:colcon.colcon_core.package_identification:_identify(src) by extension 'python'
[0.657s] Level 1:colcon.colcon_core.package_identification:_identify(src) by extensions ['python_setup_py']
[0.657s] Level 1:colcon.colcon_core.package_identification:_identify(src) by extension 'python_setup_py'
[0.657s] Level 1:colcon.colcon_core.package_identification:_identify(src/stereo_cam) by extensions ['ignore', 'ignore_ament_install']
[0.657s] Level 1:colcon.colcon_core.package_identification:_identify(src/stereo_cam) by extension 'ignore'
[0.657s] Level 1:colcon.colcon_core.package_identification:_identify(src/stereo_cam) by extension 'ignore_ament_install'
[0.657s] Level 1:colcon.colcon_core.package_identification:_identify(src/stereo_cam) by extensions ['colcon_pkg']
[0.657s] Level 1:colcon.colcon_core.package_identification:_identify(src/stereo_cam) by extension 'colcon_pkg'
[0.658s] Level 1:colcon.colcon_core.package_identification:_identify(src/stereo_cam) by extensions ['colcon_meta']
[0.658s] Level 1:colcon.colcon_core.package_identification:_identify(src/stereo_cam) by extension 'colcon_meta'
[0.658s] Level 1:colcon.colcon_core.package_identification:_identify(src/stereo_cam) by extensions ['ros']
[0.658s] Level 1:colcon.colcon_core.package_identification:_identify(src/stereo_cam) by extension 'ros'
[0.663s] DEBUG:colcon.colcon_core.package_identification:Package 'src/stereo_cam' with type 'ros.ament_python' and name 'stereo_cam'
[0.663s] Level 1:colcon.colcon_core.package_discovery:discover_packages(recursive) using defaults
[0.663s] Level 1:colcon.colcon_core.package_discovery:discover_packages(ignore) discover
[0.663s] Level 1:colcon.colcon_core.package_discovery:discover_packages(ignore) using defaults
[0.663s] Level 1:colcon.colcon_core.package_discovery:discover_packages(path) discover
[0.663s] Level 1:colcon.colcon_core.package_discovery:discover_packages(path) using defaults
[0.704s] Level 1:colcon.colcon_core.package_discovery:discover_packages(prefix_path) check parameters
[0.704s] Level 1:colcon.colcon_core.package_discovery:discover_packages(prefix_path) discover
[0.707s] DEBUG:colcon.colcon_installed_package_information.package_discovery:Found 1 installed packages in /home/henrique/ws_visao/stereo-cam/install
[0.708s] DEBUG:colcon.colcon_installed_package_information.package_discovery:Found 1 installed packages in /home/henrique/ws_visao/kinect-orbslam-ws/install
[0.708s] DEBUG:colcon.colcon_installed_package_information.package_discovery:Found 2 installed packages in /home/henrique/ws_robotic/turtle_ws/install
[0.709s] DEBUG:colcon.colcon_installed_package_information.package_discovery:Found 3 installed packages in /home/henrique/ws_drone/keyboard-control-ros-sim/install
[0.713s] DEBUG:colcon.colcon_installed_package_information.package_discovery:Found 503 installed packages in /opt/ros/humble
[0.718s] Level 1:colcon.colcon_core.package_discovery:discover_packages(prefix_path) using defaults
[0.831s] Level 5:colcon.colcon_core.verb:set package 'stereo_cam' build argument 'cmake_args' from command line to 'None'
[0.831s] Level 5:colcon.colcon_core.verb:set package 'stereo_cam' build argument 'cmake_target' from command line to 'None'
[0.831s] Level 5:colcon.colcon_core.verb:set package 'stereo_cam' build argument 'cmake_target_skip_unavailable' from command line to 'False'
[0.831s] Level 5:colcon.colcon_core.verb:set package 'stereo_cam' build argument 'cmake_clean_cache' from command line to 'False'
[0.831s] Level 5:colcon.colcon_core.verb:set package 'stereo_cam' build argument 'cmake_clean_first' from command line to 'False'
[0.831s] Level 5:colcon.colcon_core.verb:set package 'stereo_cam' build argument 'cmake_force_configure' from command line to 'False'
[0.831s] Level 5:colcon.colcon_core.verb:set package 'stereo_cam' build argument 'ament_cmake_args' from command line to 'None'
[0.831s] Level 5:colcon.colcon_core.verb:set package 'stereo_cam' build argument 'catkin_cmake_args' from command line to 'None'
[0.832s] Level 5:colcon.colcon_core.verb:set package 'stereo_cam' build argument 'catkin_skip_building_tests' from command line to 'False'
[0.832s] DEBUG:colcon.colcon_core.verb:Building package 'stereo_cam' with the following arguments: {'ament_cmake_args': None, 'build_base': '/home/henrique/ws_visao/stereo-cam/build/stereo_cam', 'catkin_cmake_args': None, 'catkin_skip_building_tests': False, 'cmake_args': None, 'cmake_clean_cache': False, 'cmake_clean_first': False, 'cmake_force_configure': False, 'cmake_target': None, 'cmake_target_skip_unavailable': False, 'install_base': '/home/henrique/ws_visao/stereo-cam/install/stereo_cam', 'merge_install': False, 'path': '/home/henrique/ws_visao/stereo-cam/src/stereo_cam', 'symlink_install': False, 'test_result_base': None}
[0.832s] INFO:colcon.colcon_core.executor:Executing jobs using 'parallel' executor
[0.835s] DEBUG:colcon.colcon_parallel_executor.executor.parallel:run_until_complete
[0.835s] INFO:colcon.colcon_ros.task.ament_python.build:Building ROS package in '/home/henrique/ws_visao/stereo-cam/src/stereo_cam' with build type 'ament_python'
[0.836s] Level 1:colcon.colcon_core.shell:create_environment_hook('stereo_cam', 'ament_prefix_path')
[0.841s] INFO:colcon.colcon_core.plugin_system:Skipping extension 'colcon_core.shell.bat': Not used on non-Windows systems
[0.842s] INFO:colcon.colcon_core.shell:Creating environment hook '/home/henrique/ws_visao/stereo-cam/install/stereo_cam/share/stereo_cam/hook/ament_prefix_path.ps1'
[0.844s] INFO:colcon.colcon_core.shell:Creating environment descriptor '/home/henrique/ws_visao/stereo-cam/install/stereo_cam/share/stereo_cam/hook/ament_prefix_path.dsv'
[0.845s] INFO:colcon.colcon_core.shell:Creating environment hook '/home/henrique/ws_visao/stereo-cam/install/stereo_cam/share/stereo_cam/hook/ament_prefix_path.sh'
[0.847s] INFO:colcon.colcon_core.shell:Skip shell extension 'powershell' for command environment: Not usable outside of PowerShell
[0.848s] DEBUG:colcon.colcon_core.shell:Skip shell extension 'dsv' for command environment
[1.481s] INFO:colcon.colcon_core.task.python.build:Building Python package in '/home/henrique/ws_visao/stereo-cam/src/stereo_cam'
[1.482s] INFO:colcon.colcon_core.shell:Skip shell extension 'powershell' for command environment: Not usable outside of PowerShell
[1.482s] DEBUG:colcon.colcon_core.shell:Skip shell extension 'dsv' for command environment
[2.350s] DEBUG:colcon.colcon_core.event_handler.log_command:Invoking command in '/home/henrique/ws_visao/stereo-cam/src/stereo_cam': PYTHONPATH=/home/henrique/ws_visao/stereo-cam/build/stereo_cam/prefix_override:/usr/lib/python3/dist-packages/colcon_core/task/python/colcon_distutils_commands:/home/henrique/ws_visao/stereo-cam/install/stereo_cam/lib/python3.10/site-packages:${PYTHONPATH} /usr/bin/python3 -W ignore:setup.py install is deprecated -W ignore:easy_install command is deprecated setup.py egg_info --egg-base ../../build/stereo_cam build --build-base /home/henrique/ws_visao/stereo-cam/build/stereo_cam/build install --record /home/henrique/ws_visao/stereo-cam/build/stereo_cam/install.log --single-version-externally-managed install_data
[2.993s] DEBUG:colcon.colcon_core.event_handler.log_command:Invoked command in '/home/henrique/ws_visao/stereo-cam/src/stereo_cam' returned '0': PYTHONPATH=/home/henrique/ws_visao/stereo-cam/build/stereo_cam/prefix_override:/usr/lib/python3/dist-packages/colcon_core/task/python/colcon_distutils_commands:/home/henrique/ws_visao/stereo-cam/install/stereo_cam/lib/python3.10/site-packages:${PYTHONPATH} /usr/bin/python3 -W ignore:setup.py install is deprecated -W ignore:easy_install command is deprecated setup.py egg_info --egg-base ../../build/stereo_cam build --build-base /home/henrique/ws_visao/stereo-cam/build/stereo_cam/build install --record /home/henrique/ws_visao/stereo-cam/build/stereo_cam/install.log --single-version-externally-managed install_data
[2.997s] Level 1:colcon.colcon_core.environment:checking '/home/henrique/ws_visao/stereo-cam/install/stereo_cam' for CMake module files
[2.998s] Level 1:colcon.colcon_core.environment:checking '/home/henrique/ws_visao/stereo-cam/install/stereo_cam' for CMake config files
[2.999s] Level 1:colcon.colcon_core.environment:checking '/home/henrique/ws_visao/stereo-cam/install/stereo_cam/lib'
[2.999s] Level 1:colcon.colcon_core.environment:checking '/home/henrique/ws_visao/stereo-cam/install/stereo_cam/bin'
[3.000s] Level 1:colcon.colcon_core.environment:checking '/home/henrique/ws_visao/stereo-cam/install/stereo_cam/lib/pkgconfig/stereo_cam.pc'
[3.000s] Level 1:colcon.colcon_core.environment:checking '/home/henrique/ws_visao/stereo-cam/install/stereo_cam/lib/python3.10/site-packages'
[3.000s] Level 1:colcon.colcon_core.shell:create_environment_hook('stereo_cam', 'pythonpath')
[3.001s] INFO:colcon.colcon_core.shell:Creating environment hook '/home/henrique/ws_visao/stereo-cam/install/stereo_cam/share/stereo_cam/hook/pythonpath.ps1'
[3.001s] INFO:colcon.colcon_core.shell:Creating environment descriptor '/home/henrique/ws_visao/stereo-cam/install/stereo_cam/share/stereo_cam/hook/pythonpath.dsv'
[3.002s] INFO:colcon.colcon_core.shell:Creating environment hook '/home/henrique/ws_visao/stereo-cam/install/stereo_cam/share/stereo_cam/hook/pythonpath.sh'
[3.003s] Level 1:colcon.colcon_core.environment:checking '/home/henrique/ws_visao/stereo-cam/install/stereo_cam/bin'
[3.004s] Level 1:colcon.colcon_core.environment:create_environment_scripts_only(stereo_cam)
[3.004s] INFO:colcon.colcon_core.shell:Creating package script '/home/henrique/ws_visao/stereo-cam/install/stereo_cam/share/stereo_cam/package.ps1'
[3.006s] INFO:colcon.colcon_core.shell:Creating package descriptor '/home/henrique/ws_visao/stereo-cam/install/stereo_cam/share/stereo_cam/package.dsv'
[3.007s] INFO:colcon.colcon_core.shell:Creating package script '/home/henrique/ws_visao/stereo-cam/install/stereo_cam/share/stereo_cam/package.sh'
[3.008s] INFO:colcon.colcon_core.shell:Creating package script '/home/henrique/ws_visao/stereo-cam/install/stereo_cam/share/stereo_cam/package.bash'
[3.010s] INFO:colcon.colcon_core.shell:Creating package script '/home/henrique/ws_visao/stereo-cam/install/stereo_cam/share/stereo_cam/package.zsh'
[3.011s] Level 1:colcon.colcon_core.environment:create_file_with_runtime_dependencies(/home/henrique/ws_visao/stereo-cam/install/stereo_cam/share/colcon-core/packages/stereo_cam)
[3.012s] DEBUG:colcon.colcon_parallel_executor.executor.parallel:closing loop
[3.012s] DEBUG:colcon.colcon_parallel_executor.executor.parallel:loop closed
[3.012s] DEBUG:colcon.colcon_parallel_executor.executor.parallel:run_until_complete finished with '0'
[3.012s] DEBUG:colcon.colcon_core.event_reactor:joining thread
[3.021s] INFO:colcon.colcon_core.plugin_system:Skipping extension 'colcon_notification.desktop_notification.terminal_notifier': Not used on non-Darwin systems
[3.021s] INFO:colcon.colcon_core.plugin_system:Skipping extension 'colcon_notification.desktop_notification.win32': Not used on non-Windows systems
[3.021s] INFO:colcon.colcon_notification.desktop_notification:Sending desktop notification using 'notify2'
[3.044s] DEBUG:colcon.colcon_core.event_reactor:joined thread
[3.044s] INFO:colcon.colcon_core.shell:Creating prefix script '/home/henrique/ws_visao/stereo-cam/install/local_setup.ps1'
[3.046s] INFO:colcon.colcon_core.shell:Creating prefix util module '/home/henrique/ws_visao/stereo-cam/install/_local_setup_util_ps1.py'
[3.049s] INFO:colcon.colcon_core.shell:Creating prefix chain script '/home/henrique/ws_visao/stereo-cam/install/setup.ps1'
[3.052s] INFO:colcon.colcon_core.shell:Creating prefix script '/home/henrique/ws_visao/stereo-cam/install/local_setup.sh'
[3.053s] INFO:colcon.colcon_core.shell:Creating prefix util module '/home/henrique/ws_visao/stereo-cam/install/_local_setup_util_sh.py'
[3.054s] INFO:colcon.colcon_core.shell:Creating prefix chain script '/home/henrique/ws_visao/stereo-cam/install/setup.sh'
[3.057s] INFO:colcon.colcon_core.shell:Creating prefix script '/home/henrique/ws_visao/stereo-cam/install/local_setup.bash'
[3.058s] INFO:colcon.colcon_core.shell:Creating prefix chain script '/home/henrique/ws_visao/stereo-cam/install/setup.bash'
[3.060s] INFO:colcon.colcon_core.shell:Creating prefix script '/home/henrique/ws_visao/stereo-cam/install/local_setup.zsh'
[3.061s] INFO:colcon.colcon_core.shell:Creating prefix chain script '/home/henrique/ws_visao/stereo-cam/install/setup.zsh'
