[0.551s] Invoking command in '/home/henrique/ws_visao/stereo-cam/src/stereo_cam': PYTHONPATH=/home/henrique/ws_visao/stereo-cam/build/stereo_cam/prefix_override:/usr/lib/python3/dist-packages/colcon_core/task/python/colcon_distutils_commands:/home/henrique/ws_visao/stereo-cam/install/stereo_cam/lib/python3.10/site-packages:${PYTHONPATH} /usr/bin/python3 -W ignore:setup.py install is deprecated -W ignore:easy_install command is deprecated setup.py egg_info --egg-base ../../build/stereo_cam build --build-base /home/henrique/ws_visao/stereo-cam/build/stereo_cam/build install --record /home/henrique/ws_visao/stereo-cam/build/stereo_cam/install.log --single-version-externally-managed install_data
[0.742s] running egg_info
[0.743s] writing ../../build/stereo_cam/stereo_cam.egg-info/PKG-INFO
[0.744s] writing dependency_links to ../../build/stereo_cam/stereo_cam.egg-info/dependency_links.txt
[0.744s] writing entry points to ../../build/stereo_cam/stereo_cam.egg-info/entry_points.txt
[0.744s] writing requirements to ../../build/stereo_cam/stereo_cam.egg-info/requires.txt
[0.744s] writing top-level names to ../../build/stereo_cam/stereo_cam.egg-info/top_level.txt
[0.745s] reading manifest file '../../build/stereo_cam/stereo_cam.egg-info/SOURCES.txt'
[0.746s] writing manifest file '../../build/stereo_cam/stereo_cam.egg-info/SOURCES.txt'
[0.746s] running build
[0.746s] running build_py
[0.746s] copying stereo_cam/stereo_cam.py -> /home/henrique/ws_visao/stereo-cam/build/stereo_cam/build/lib/stereo_cam
[0.746s] running install
[0.746s] running install_lib
[0.747s] copying /home/henrique/ws_visao/stereo-cam/build/stereo_cam/build/lib/stereo_cam/stereo_cam.py -> /home/henrique/ws_visao/stereo-cam/install/stereo_cam/lib/python3.10/site-packages/stereo_cam
[0.747s] byte-compiling /home/henrique/ws_visao/stereo-cam/install/stereo_cam/lib/python3.10/site-packages/stereo_cam/stereo_cam.py to stereo_cam.cpython-310.pyc
[0.748s] running install_data
[0.748s] running install_egg_info
[0.750s] removing '/home/henrique/ws_visao/stereo-cam/install/stereo_cam/lib/python3.10/site-packages/stereo_cam-0.0.0-py3.10.egg-info' (and everything under it)
[0.750s] Copying ../../build/stereo_cam/stereo_cam.egg-info to /home/henrique/ws_visao/stereo-cam/install/stereo_cam/lib/python3.10/site-packages/stereo_cam-0.0.0-py3.10.egg-info
[0.750s] running install_scripts
[0.765s] Installing mono_camera_node script to /home/henrique/ws_visao/stereo-cam/install/stereo_cam/lib/stereo_cam
[0.765s] Installing stereo_camera_node script to /home/henrique/ws_visao/stereo-cam/install/stereo_cam/lib/stereo_cam
[0.765s] writing list of installed files to '/home/henrique/ws_visao/stereo-cam/build/stereo_cam/install.log'
[0.783s] Invoked command in '/home/henrique/ws_visao/stereo-cam/src/stereo_cam' returned '0': PYTHONPATH=/home/henrique/ws_visao/stereo-cam/build/stereo_cam/prefix_override:/usr/lib/python3/dist-packages/colcon_core/task/python/colcon_distutils_commands:/home/henrique/ws_visao/stereo-cam/install/stereo_cam/lib/python3.10/site-packages:${PYTHONPATH} /usr/bin/python3 -W ignore:setup.py install is deprecated -W ignore:easy_install command is deprecated setup.py egg_info --egg-base ../../build/stereo_cam build --build-base /home/henrique/ws_visao/stereo-cam/build/stereo_cam/build install --record /home/henrique/ws_visao/stereo-cam/build/stereo_cam/install.log --single-version-externally-managed install_data
