running egg_info
writing ../../build/stereo_cam/stereo_cam.egg-info/PKG-INFO
writing dependency_links to ../../build/stereo_cam/stereo_cam.egg-info/dependency_links.txt
writing entry points to ../../build/stereo_cam/stereo_cam.egg-info/entry_points.txt
writing requirements to ../../build/stereo_cam/stereo_cam.egg-info/requires.txt
writing top-level names to ../../build/stereo_cam/stereo_cam.egg-info/top_level.txt
reading manifest file '../../build/stereo_cam/stereo_cam.egg-info/SOURCES.txt'
writing manifest file '../../build/stereo_cam/stereo_cam.egg-info/SOURCES.txt'
running build
running build_py
copying stereo_cam/mono_cam.py -> /home/henrique/ws_visao/stereo-cam/build/stereo_cam/build/lib/stereo_cam
running install
running install_lib
copying /home/henrique/ws_visao/stereo-cam/build/stereo_cam/build/lib/stereo_cam/mono_cam.py -> /home/henrique/ws_visao/stereo-cam/install/stereo_cam/lib/python3.10/site-packages/stereo_cam
byte-compiling /home/henrique/ws_visao/stereo-cam/install/stereo_cam/lib/python3.10/site-packages/stereo_cam/mono_cam.py to mono_cam.cpython-310.pyc
running install_data
running install_egg_info
removing '/home/henrique/ws_visao/stereo-cam/install/stereo_cam/lib/python3.10/site-packages/stereo_cam-0.0.0-py3.10.egg-info' (and everything under it)
Copying ../../build/stereo_cam/stereo_cam.egg-info to /home/henrique/ws_visao/stereo-cam/install/stereo_cam/lib/python3.10/site-packages/stereo_cam-0.0.0-py3.10.egg-info
running install_scripts
Installing mono_camera_node script to /home/henrique/ws_visao/stereo-cam/install/stereo_cam/lib/stereo_cam
Installing stereo_camera_node script to /home/henrique/ws_visao/stereo-cam/install/stereo_cam/lib/stereo_cam
writing list of installed files to '/home/henrique/ws_visao/stereo-cam/build/stereo_cam/install.log'
