[1.581s] Invoking command in '/home/henrique/ws_visao/stereo-cam/src/stereo_cam': PYTHONPATH=/home/henrique/ws_visao/stereo-cam/build/stereo_cam/prefix_override:/usr/lib/python3/dist-packages/colcon_core/task/python/colcon_distutils_commands:/home/henrique/ws_visao/stereo-cam/install/stereo_cam/lib/python3.10/site-packages:${PYTHONPATH} /usr/bin/python3 -W ignore:setup.py install is deprecated -W ignore:easy_install command is deprecated setup.py egg_info --egg-base ../../build/stereo_cam build --build-base /home/henrique/ws_visao/stereo-cam/build/stereo_cam/build install --record /home/henrique/ws_visao/stereo-cam/build/stereo_cam/install.log --single-version-externally-managed install_data
[2.119s] running egg_info
[2.121s] writing ../../build/stereo_cam/stereo_cam.egg-info/PKG-INFO
[2.121s] writing dependency_links to ../../build/stereo_cam/stereo_cam.egg-info/dependency_links.txt
[2.122s] writing entry points to ../../build/stereo_cam/stereo_cam.egg-info/entry_points.txt
[2.122s] writing requirements to ../../build/stereo_cam/stereo_cam.egg-info/requires.txt
[2.122s] writing top-level names to ../../build/stereo_cam/stereo_cam.egg-info/top_level.txt
[2.127s] reading manifest file '../../build/stereo_cam/stereo_cam.egg-info/SOURCES.txt'
[2.130s] writing manifest file '../../build/stereo_cam/stereo_cam.egg-info/SOURCES.txt'
[2.130s] running build
[2.130s] running build_py
[2.130s] copying stereo_cam/mono_cam.py -> /home/henrique/ws_visao/stereo-cam/build/stereo_cam/build/lib/stereo_cam
[2.131s] running install
[2.132s] running install_lib
[2.134s] copying /home/henrique/ws_visao/stereo-cam/build/stereo_cam/build/lib/stereo_cam/mono_cam.py -> /home/henrique/ws_visao/stereo-cam/install/stereo_cam/lib/python3.10/site-packages/stereo_cam
[2.136s] byte-compiling /home/henrique/ws_visao/stereo-cam/install/stereo_cam/lib/python3.10/site-packages/stereo_cam/mono_cam.py to mono_cam.cpython-310.pyc
[2.138s] running install_data
[2.138s] running install_egg_info
[2.145s] removing '/home/henrique/ws_visao/stereo-cam/install/stereo_cam/lib/python3.10/site-packages/stereo_cam-0.0.0-py3.10.egg-info' (and everything under it)
[2.145s] Copying ../../build/stereo_cam/stereo_cam.egg-info to /home/henrique/ws_visao/stereo-cam/install/stereo_cam/lib/python3.10/site-packages/stereo_cam-0.0.0-py3.10.egg-info
[2.147s] running install_scripts
[2.187s] Installing mono_camera_node script to /home/henrique/ws_visao/stereo-cam/install/stereo_cam/lib/stereo_cam
[2.187s] Installing stereo_camera_node script to /home/henrique/ws_visao/stereo-cam/install/stereo_cam/lib/stereo_cam
[2.188s] writing list of installed files to '/home/henrique/ws_visao/stereo-cam/build/stereo_cam/install.log'
[2.231s] Invoked command in '/home/henrique/ws_visao/stereo-cam/src/stereo_cam' returned '0': PYTHONPATH=/home/henrique/ws_visao/stereo-cam/build/stereo_cam/prefix_override:/usr/lib/python3/dist-packages/colcon_core/task/python/colcon_distutils_commands:/home/henrique/ws_visao/stereo-cam/install/stereo_cam/lib/python3.10/site-packages:${PYTHONPATH} /usr/bin/python3 -W ignore:setup.py install is deprecated -W ignore:easy_install command is deprecated setup.py egg_info --egg-base ../../build/stereo_cam build --build-base /home/henrique/ws_visao/stereo-cam/build/stereo_cam/build install --record /home/henrique/ws_visao/stereo-cam/build/stereo_cam/install.log --single-version-externally-managed install_data
