running egg_info
creating ../../build/stereo_cam/stereo_cam.egg-info
writing ../../build/stereo_cam/stereo_cam.egg-info/PKG-INFO
writing dependency_links to ../../build/stereo_cam/stereo_cam.egg-info/dependency_links.txt
writing entry points to ../../build/stereo_cam/stereo_cam.egg-info/entry_points.txt
writing requirements to ../../build/stereo_cam/stereo_cam.egg-info/requires.txt
writing top-level names to ../../build/stereo_cam/stereo_cam.egg-info/top_level.txt
writing manifest file '../../build/stereo_cam/stereo_cam.egg-info/SOURCES.txt'
reading manifest file '../../build/stereo_cam/stereo_cam.egg-info/SOURCES.txt'
writing manifest file '../../build/stereo_cam/stereo_cam.egg-info/SOURCES.txt'
running build
running build_py
creating /home/henrique/ws_visao/stereo-cam/build/stereo_cam/build
creating /home/henrique/ws_visao/stereo-cam/build/stereo_cam/build/lib
creating /home/henrique/ws_visao/stereo-cam/build/stereo_cam/build/lib/stereo_cam
copying stereo_cam/stereo_cam.py -> /home/henrique/ws_visao/stereo-cam/build/stereo_cam/build/lib/stereo_cam
copying stereo_cam/__init__.py -> /home/henrique/ws_visao/stereo-cam/build/stereo_cam/build/lib/stereo_cam
running install
running install_lib
creating /home/henrique/ws_visao/stereo-cam/install/stereo_cam/lib/python3.10/site-packages/stereo_cam
copying /home/henrique/ws_visao/stereo-cam/build/stereo_cam/build/lib/stereo_cam/stereo_cam.py -> /home/henrique/ws_visao/stereo-cam/install/stereo_cam/lib/python3.10/site-packages/stereo_cam
copying /home/henrique/ws_visao/stereo-cam/build/stereo_cam/build/lib/stereo_cam/__init__.py -> /home/henrique/ws_visao/stereo-cam/install/stereo_cam/lib/python3.10/site-packages/stereo_cam
byte-compiling /home/henrique/ws_visao/stereo-cam/install/stereo_cam/lib/python3.10/site-packages/stereo_cam/stereo_cam.py to stereo_cam.cpython-310.pyc
byte-compiling /home/henrique/ws_visao/stereo-cam/install/stereo_cam/lib/python3.10/site-packages/stereo_cam/__init__.py to __init__.cpython-310.pyc
running install_data
creating /home/henrique/ws_visao/stereo-cam/install/stereo_cam/share/ament_index
creating /home/henrique/ws_visao/stereo-cam/install/stereo_cam/share/ament_index/resource_index
creating /home/henrique/ws_visao/stereo-cam/install/stereo_cam/share/ament_index/resource_index/packages
copying resource/stereo_cam -> /home/henrique/ws_visao/stereo-cam/install/stereo_cam/share/ament_index/resource_index/packages
copying package.xml -> /home/henrique/ws_visao/stereo-cam/install/stereo_cam/share/stereo_cam
running install_egg_info
Copying ../../build/stereo_cam/stereo_cam.egg-info to /home/henrique/ws_visao/stereo-cam/install/stereo_cam/lib/python3.10/site-packages/stereo_cam-0.0.0-py3.10.egg-info
running install_scripts
Installing stereo_camera_node script to /home/henrique/ws_visao/stereo-cam/install/stereo_cam/lib/stereo_cam
writing list of installed files to '/home/henrique/ws_visao/stereo-cam/build/stereo_cam/install.log'
